memcap: <=9699 MiB (70% of 13855 MiB available) [systemd MemoryMax, swap off]
    Updating crates.io index
     Locking 35 packages to highest compatible versions

=== cold ===
memcap: <=9708 MiB (70% of 13868 MiB available) [systemd MemoryMax, swap off]
   Compiling proc-macro2 v1.0.107
   Compiling unicode-ident v1.0.26
   Compiling quote v1.0.47
   Compiling syn v3.0.6
   Compiling serde_core v1.0.229
   Compiling memchr v2.8.3
   Compiling lexical-util v1.0.7
   Compiling siphasher v1.0.4
   Compiling serde v1.0.229
   Compiling phf_shared v0.14.0
   Compiling serde_derive v1.0.229
   Compiling zmij v1.0.23
   Compiling lexical-write-integer v1.0.6
   Compiling lexical-parse-integer v1.0.6
   Compiling aho-corasick v1.1.5
   Compiling regex-syntax v0.8.11
   Compiling thiserror v2.0.21
   Compiling fastrand v2.5.0
   Compiling serde_json v1.0.151
   Compiling phf_generator v0.14.0
   Compiling regex-automata v0.4.18
   Compiling lexical-parse-float v1.0.6
   Compiling lexical-write-float v1.0.6
   Compiling thiserror-impl v2.0.21
   Compiling memo-map v0.3.4
   Compiling itoa v1.0.18
   Compiling minijinja v2.24.0
   Compiling lexical-core v1.0.6
   Compiling regex v1.13.1
   Compiling phf_codegen v0.14.0
   Compiling quick-xml v0.42.0
   Compiling smallvec v1.16.2
   Compiling heck v0.5.0
   Compiling polyxml v0.34.0 (/home/bailey/github/PolyXML/crates/polyxml-core)
   Compiling phf v0.14.0
   Compiling dispatch-consumer v0.0.0 (/home/bailey/github/PolyXML/benchmarks/rust-phf-compile/target/unsignedInt/1500/phf)
    Finished `release` profile [optimized] target(s) in 13m 33s
	Command being timed: "cargo build --release --offline --locked --manifest-path /home/bailey/github/PolyXML/benchmarks/rust-phf-compile/target/unsignedInt/1500/phf/Cargo.toml"
	User time (seconds): 790.80
	System time (seconds): 22.53
	Percent of CPU this job got: 99%
	Elapsed (wall clock) time (h:mm:ss or m:ss): 13:33.96
	Average shared text size (kbytes): 0
	Average unshared data size (kbytes): 0
	Average stack size (kbytes): 0
	Average total size (kbytes): 0
	Maximum resident set size (kbytes): 6900444
	Average resident set size (kbytes): 0
	Major (requiring I/O) page faults: 11
	Minor (reclaiming a frame) page faults: 16394450
	Voluntary context switches: 8313
	Involuntary context switches: 6031
	Swaps: 0
	File system inputs: 0
	File system outputs: 0
	Socket messages sent: 0
	Socket messages received: 0
	Signals delivered: 0
	Page size (bytes): 4096
	Exit status: 0

=== rebuild-1 ===
memcap: <=9658 MiB (70% of 13797 MiB available) [systemd MemoryMax, swap off]
   Compiling dispatch-consumer v0.0.0 (/home/bailey/github/PolyXML/benchmarks/rust-phf-compile/target/unsignedInt/1500/phf)
    Finished `release` profile [optimized] target(s) in 12m 16s
	Command being timed: "cargo build --release --offline --locked --manifest-path /home/bailey/github/PolyXML/benchmarks/rust-phf-compile/target/unsignedInt/1500/phf/Cargo.toml"
	User time (seconds): 717.61
	System time (seconds): 19.12
	Percent of CPU this job got: 99%
	Elapsed (wall clock) time (h:mm:ss or m:ss): 12:16.77
	Average shared text size (kbytes): 0
	Average unshared data size (kbytes): 0
	Average stack size (kbytes): 0
	Average total size (kbytes): 0
	Maximum resident set size (kbytes): 6793668
	Average resident set size (kbytes): 0
	Major (requiring I/O) page faults: 1
	Minor (reclaiming a frame) page faults: 15317609
	Voluntary context switches: 2166
	Involuntary context switches: 5568
	Swaps: 0
	File system inputs: 0
	File system outputs: 0
	Socket messages sent: 0
	Socket messages received: 0
	Signals delivered: 0
	Page size (bytes): 4096
	Exit status: 0

=== rebuild-2 ===
memcap: <=9691 MiB (70% of 13845 MiB available) [systemd MemoryMax, swap off]
   Compiling dispatch-consumer v0.0.0 (/home/bailey/github/PolyXML/benchmarks/rust-phf-compile/target/unsignedInt/1500/phf)
    Finished `release` profile [optimized] target(s) in 12m 28s
	Command being timed: "cargo build --release --offline --locked --manifest-path /home/bailey/github/PolyXML/benchmarks/rust-phf-compile/target/unsignedInt/1500/phf/Cargo.toml"
	User time (seconds): 728.89
	System time (seconds): 19.65
	Percent of CPU this job got: 99%
	Elapsed (wall clock) time (h:mm:ss or m:ss): 12:28.72
	Average shared text size (kbytes): 0
	Average unshared data size (kbytes): 0
	Average stack size (kbytes): 0
	Average total size (kbytes): 0
	Maximum resident set size (kbytes): 6978540
	Average resident set size (kbytes): 0
	Major (requiring I/O) page faults: 1
	Minor (reclaiming a frame) page faults: 15104704
	Voluntary context switches: 2198
	Involuntary context switches: 5630
	Swaps: 0
	File system inputs: 0
	File system outputs: 0
	Socket messages sent: 0
	Socket messages received: 0
	Signals delivered: 0
	Page size (bytes): 4096
	Exit status: 0

=== rebuild-3 ===
memcap: <=9653 MiB (70% of 13790 MiB available) [systemd MemoryMax, swap off]
   Compiling dispatch-consumer v0.0.0 (/home/bailey/github/PolyXML/benchmarks/rust-phf-compile/target/unsignedInt/1500/phf)
    Finished `release` profile [optimized] target(s) in 12m 41s
	Command being timed: "cargo build --release --offline --locked --manifest-path /home/bailey/github/PolyXML/benchmarks/rust-phf-compile/target/unsignedInt/1500/phf/Cargo.toml"
	User time (seconds): 741.07
	System time (seconds): 19.80
	Percent of CPU this job got: 99%
	Elapsed (wall clock) time (h:mm:ss or m:ss): 12:41.08
	Average shared text size (kbytes): 0
	Average unshared data size (kbytes): 0
	Average stack size (kbytes): 0
	Average total size (kbytes): 0
	Maximum resident set size (kbytes): 6955740
	Average resident set size (kbytes): 0
	Major (requiring I/O) page faults: 2
	Minor (reclaiming a frame) page faults: 15146551
	Voluntary context switches: 2170
	Involuntary context switches: 5642
	Swaps: 0
	File system inputs: 0
	File system outputs: 0
	Socket messages sent: 0
	Socket messages received: 0
	Signals delivered: 0
	Page size (bytes): 4096
	Exit status: 0
memcap: <=9642 MiB (70% of 13774 MiB available) [systemd MemoryMax, swap off]
