memcap: <=9712 MiB (70% of 13875 MiB available) [systemd MemoryMax, swap off]
    Updating crates.io index
     Locking 34 packages to highest compatible versions

=== cold ===
memcap: <=9714 MiB (70% of 13878 MiB available) [systemd MemoryMax, swap off]
   Compiling proc-macro2 v1.0.107
   Compiling unicode-ident v1.0.26
   Compiling quote v1.0.47
   Compiling syn v3.0.6
   Compiling serde_core v1.0.229
   Compiling memchr v2.8.3
   Compiling lexical-util v1.0.7
   Compiling serde v1.0.229
   Compiling serde_derive v1.0.229
   Compiling siphasher v1.0.4
   Compiling zmij v1.0.23
   Compiling phf_shared v0.14.0
   Compiling lexical-write-integer v1.0.6
   Compiling lexical-parse-integer v1.0.6
   Compiling aho-corasick v1.1.5
   Compiling fastrand v2.5.0
   Compiling thiserror v2.0.21
   Compiling regex-syntax v0.8.11
   Compiling serde_json v1.0.151
   Compiling regex-automata v0.4.18
   Compiling phf_generator v0.14.0
   Compiling lexical-parse-float v1.0.6
   Compiling lexical-write-float v1.0.6
   Compiling thiserror-impl v2.0.21
   Compiling memo-map v0.3.4
   Compiling itoa v1.0.18
   Compiling minijinja v2.24.0
   Compiling lexical-core v1.0.6
   Compiling phf_codegen v0.14.0
   Compiling regex v1.13.1
   Compiling quick-xml v0.42.0
   Compiling smallvec v1.16.2
   Compiling heck v0.5.0
   Compiling polyxml v0.34.0 (/home/bailey/github/PolyXML/crates/polyxml-core)
   Compiling dispatch-consumer v0.0.0 (/home/bailey/github/PolyXML/benchmarks/rust-phf-compile/target/unsignedInt/1500/match)
    Finished `release` profile [optimized] target(s) in 15m 33s
	Command being timed: "cargo build --release --offline --locked --manifest-path /home/bailey/github/PolyXML/benchmarks/rust-phf-compile/target/unsignedInt/1500/match/Cargo.toml"
	User time (seconds): 905.41
	System time (seconds): 27.25
	Percent of CPU this job got: 99%
	Elapsed (wall clock) time (h:mm:ss or m:ss): 15:33.30
	Average shared text size (kbytes): 0
	Average unshared data size (kbytes): 0
	Average stack size (kbytes): 0
	Average total size (kbytes): 0
	Maximum resident set size (kbytes): 6868276
	Average resident set size (kbytes): 0
	Major (requiring I/O) page faults: 12
	Minor (reclaiming a frame) page faults: 19676034
	Voluntary context switches: 8630
	Involuntary context switches: 6684
	Swaps: 0
	File system inputs: 0
	File system outputs: 0
	Socket messages sent: 0
	Socket messages received: 0
	Signals delivered: 0
	Page size (bytes): 4096
	Exit status: 0

=== rebuild-1 ===
memcap: <=9713 MiB (70% of 13876 MiB available) [systemd MemoryMax, swap off]
   Compiling dispatch-consumer v0.0.0 (/home/bailey/github/PolyXML/benchmarks/rust-phf-compile/target/unsignedInt/1500/match)
    Finished `release` profile [optimized] target(s) in 14m 10s
	Command being timed: "cargo build --release --offline --locked --manifest-path /home/bailey/github/PolyXML/benchmarks/rust-phf-compile/target/unsignedInt/1500/match/Cargo.toml"
	User time (seconds): 826.21
	System time (seconds): 24.40
	Percent of CPU this job got: 99%
	Elapsed (wall clock) time (h:mm:ss or m:ss): 14:10.88
	Average shared text size (kbytes): 0
	Average unshared data size (kbytes): 0
	Average stack size (kbytes): 0
	Average total size (kbytes): 0
	Maximum resident set size (kbytes): 6866076
	Average resident set size (kbytes): 0
	Major (requiring I/O) page faults: 2
	Minor (reclaiming a frame) page faults: 18290027
	Voluntary context switches: 2345
	Involuntary context switches: 6241
	Swaps: 0
	File system inputs: 0
	File system outputs: 0
	Socket messages sent: 0
	Socket messages received: 0
	Signals delivered: 0
	Page size (bytes): 4096
	Exit status: 0

=== rebuild-2 ===
memcap: <=9685 MiB (70% of 13836 MiB available) [systemd MemoryMax, swap off]
   Compiling dispatch-consumer v0.0.0 (/home/bailey/github/PolyXML/benchmarks/rust-phf-compile/target/unsignedInt/1500/match)
    Finished `release` profile [optimized] target(s) in 14m 33s
	Command being timed: "cargo build --release --offline --locked --manifest-path /home/bailey/github/PolyXML/benchmarks/rust-phf-compile/target/unsignedInt/1500/match/Cargo.toml"
	User time (seconds): 848.37
	System time (seconds): 24.69
	Percent of CPU this job got: 99%
	Elapsed (wall clock) time (h:mm:ss or m:ss): 14:33.35
	Average shared text size (kbytes): 0
	Average unshared data size (kbytes): 0
	Average stack size (kbytes): 0
	Average total size (kbytes): 0
	Maximum resident set size (kbytes): 6837884
	Average resident set size (kbytes): 0
	Major (requiring I/O) page faults: 2
	Minor (reclaiming a frame) page faults: 18242603
	Voluntary context switches: 2444
	Involuntary context switches: 6478
	Swaps: 0
	File system inputs: 0
	File system outputs: 0
	Socket messages sent: 0
	Socket messages received: 0
	Signals delivered: 0
	Page size (bytes): 4096
	Exit status: 0

=== rebuild-3 ===
memcap: <=9676 MiB (70% of 13823 MiB available) [systemd MemoryMax, swap off]
   Compiling dispatch-consumer v0.0.0 (/home/bailey/github/PolyXML/benchmarks/rust-phf-compile/target/unsignedInt/1500/match)
    Finished `release` profile [optimized] target(s) in 14m 11s
	Command being timed: "cargo build --release --offline --locked --manifest-path /home/bailey/github/PolyXML/benchmarks/rust-phf-compile/target/unsignedInt/1500/match/Cargo.toml"
	User time (seconds): 826.75
	System time (seconds): 24.48
	Percent of CPU this job got: 99%
	Elapsed (wall clock) time (h:mm:ss or m:ss): 14:11.46
	Average shared text size (kbytes): 0
	Average unshared data size (kbytes): 0
	Average stack size (kbytes): 0
	Average total size (kbytes): 0
	Maximum resident set size (kbytes): 6880772
	Average resident set size (kbytes): 0
	Major (requiring I/O) page faults: 2
	Minor (reclaiming a frame) page faults: 18305258
	Voluntary context switches: 2391
	Involuntary context switches: 6194
	Swaps: 0
	File system inputs: 0
	File system outputs: 0
	Socket messages sent: 0
	Socket messages received: 0
	Signals delivered: 0
	Page size (bytes): 4096
	Exit status: 0
memcap: <=9694 MiB (70% of 13848 MiB available) [systemd MemoryMax, swap off]
