memcap: <=9805 MiB (70% of 14008 MiB available) [systemd MemoryMax, swap off]
    Updating crates.io index
     Locking 34 packages to highest compatible versions

=== cold ===
memcap: <=9808 MiB (70% of 14011 MiB available) [systemd MemoryMax, swap off]
   Compiling proc-macro2 v1.0.107
   Compiling unicode-ident v1.0.26
   Compiling quote v1.0.47
   Compiling syn v3.0.6
   Compiling serde_core v1.0.229
   Compiling lexical-util v1.0.7
   Compiling memchr v2.8.3
   Compiling serde v1.0.229
   Compiling serde_derive v1.0.229
   Compiling siphasher v1.0.4
   Compiling zmij v1.0.23
   Compiling phf_shared v0.14.0
   Compiling aho-corasick v1.1.5
   Compiling lexical-parse-integer v1.0.6
   Compiling lexical-write-integer v1.0.6
   Compiling thiserror v2.0.21
   Compiling fastrand v2.5.0
   Compiling regex-syntax v0.8.11
   Compiling serde_json v1.0.151
   Compiling regex-automata v0.4.18
   Compiling phf_generator v0.14.0
   Compiling lexical-write-float v1.0.6
   Compiling lexical-parse-float v1.0.6
   Compiling thiserror-impl v2.0.21
   Compiling memo-map v0.3.4
   Compiling itoa v1.0.18
   Compiling minijinja v2.24.0
   Compiling lexical-core v1.0.6
   Compiling phf_codegen v0.14.0
   Compiling regex v1.13.1
   Compiling quick-xml v0.42.0
   Compiling heck v0.5.0
   Compiling smallvec v1.16.2
   Compiling polyxml v0.34.0 (/home/bailey/github/PolyXML/crates/polyxml-core)
   Compiling dispatch-consumer v0.0.0 (/home/bailey/github/PolyXML/benchmarks/rust-phf-compile/target/unsignedInt/600/match)
    Finished `release` profile [optimized] target(s) in 2m 14s
	Command being timed: "cargo build --release --offline --locked --manifest-path /home/bailey/github/PolyXML/benchmarks/rust-phf-compile/target/unsignedInt/600/match/Cargo.toml"
	User time (seconds): 129.13
	System time (seconds): 5.05
	Percent of CPU this job got: 99%
	Elapsed (wall clock) time (h:mm:ss or m:ss): 2:14.49
	Average shared text size (kbytes): 0
	Average unshared data size (kbytes): 0
	Average stack size (kbytes): 0
	Average total size (kbytes): 0
	Maximum resident set size (kbytes): 1677668
	Average resident set size (kbytes): 0
	Major (requiring I/O) page faults: 11
	Minor (reclaiming a frame) page faults: 3518324
	Voluntary context switches: 6908
	Involuntary context switches: 917
	Swaps: 0
	File system inputs: 0
	File system outputs: 0
	Socket messages sent: 0
	Socket messages received: 0
	Signals delivered: 0
	Page size (bytes): 4096
	Exit status: 0

=== rebuild-1 ===
memcap: <=9746 MiB (70% of 13923 MiB available) [systemd MemoryMax, swap off]
   Compiling dispatch-consumer v0.0.0 (/home/bailey/github/PolyXML/benchmarks/rust-phf-compile/target/unsignedInt/600/match)
    Finished `release` profile [optimized] target(s) in 1m 09s
	Command being timed: "cargo build --release --offline --locked --manifest-path /home/bailey/github/PolyXML/benchmarks/rust-phf-compile/target/unsignedInt/600/match/Cargo.toml"
	User time (seconds): 67.28
	System time (seconds): 2.49
	Percent of CPU this job got: 100%
	Elapsed (wall clock) time (h:mm:ss or m:ss): 1:09.76
	Average shared text size (kbytes): 0
	Average unshared data size (kbytes): 0
	Average stack size (kbytes): 0
	Average total size (kbytes): 0
	Maximum resident set size (kbytes): 1686888
	Average resident set size (kbytes): 0
	Major (requiring I/O) page faults: 1
	Minor (reclaiming a frame) page faults: 2136978
	Voluntary context switches: 746
	Involuntary context switches: 521
	Swaps: 0
	File system inputs: 0
	File system outputs: 0
	Socket messages sent: 0
	Socket messages received: 0
	Signals delivered: 0
	Page size (bytes): 4096
	Exit status: 0

=== rebuild-2 ===
memcap: <=9720 MiB (70% of 13886 MiB available) [systemd MemoryMax, swap off]
   Compiling dispatch-consumer v0.0.0 (/home/bailey/github/PolyXML/benchmarks/rust-phf-compile/target/unsignedInt/600/match)
    Finished `release` profile [optimized] target(s) in 1m 10s
	Command being timed: "cargo build --release --offline --locked --manifest-path /home/bailey/github/PolyXML/benchmarks/rust-phf-compile/target/unsignedInt/600/match/Cargo.toml"
	User time (seconds): 67.69
	System time (seconds): 2.42
	Percent of CPU this job got: 100%
	Elapsed (wall clock) time (h:mm:ss or m:ss): 1:10.11
	Average shared text size (kbytes): 0
	Average unshared data size (kbytes): 0
	Average stack size (kbytes): 0
	Average total size (kbytes): 0
	Maximum resident set size (kbytes): 1677940
	Average resident set size (kbytes): 0
	Major (requiring I/O) page faults: 1
	Minor (reclaiming a frame) page faults: 2196540
	Voluntary context switches: 832
	Involuntary context switches: 514
	Swaps: 0
	File system inputs: 0
	File system outputs: 0
	Socket messages sent: 0
	Socket messages received: 0
	Signals delivered: 0
	Page size (bytes): 4096
	Exit status: 0

=== rebuild-3 ===
memcap: <=9713 MiB (70% of 13875 MiB available) [systemd MemoryMax, swap off]
   Compiling dispatch-consumer v0.0.0 (/home/bailey/github/PolyXML/benchmarks/rust-phf-compile/target/unsignedInt/600/match)
    Finished `release` profile [optimized] target(s) in 1m 10s
	Command being timed: "cargo build --release --offline --locked --manifest-path /home/bailey/github/PolyXML/benchmarks/rust-phf-compile/target/unsignedInt/600/match/Cargo.toml"
	User time (seconds): 68.17
	System time (seconds): 2.27
	Percent of CPU this job got: 100%
	Elapsed (wall clock) time (h:mm:ss or m:ss): 1:10.45
	Average shared text size (kbytes): 0
	Average unshared data size (kbytes): 0
	Average stack size (kbytes): 0
	Average total size (kbytes): 0
	Maximum resident set size (kbytes): 1668480
	Average resident set size (kbytes): 0
	Major (requiring I/O) page faults: 1
	Minor (reclaiming a frame) page faults: 2136361
	Voluntary context switches: 804
	Involuntary context switches: 538
	Swaps: 0
	File system inputs: 0
	File system outputs: 0
	Socket messages sent: 0
	Socket messages received: 0
	Signals delivered: 0
	Page size (bytes): 4096
	Exit status: 0
memcap: <=9658 MiB (70% of 13797 MiB available) [systemd MemoryMax, swap off]
