memcap: <=9670 MiB (70% of 13815 MiB available) [systemd MemoryMax, swap off]
    Updating crates.io index
     Locking 35 packages to highest compatible versions

=== cold ===
memcap: <=9688 MiB (70% of 13840 MiB available) [systemd MemoryMax, swap off]
   Compiling proc-macro2 v1.0.107
   Compiling quote v1.0.47
   Compiling unicode-ident v1.0.26
   Compiling syn v3.0.6
   Compiling serde_core v1.0.229
   Compiling memchr v2.8.3
   Compiling lexical-util v1.0.7
   Compiling siphasher v1.0.4
   Compiling serde v1.0.229
   Compiling phf_shared v0.14.0
   Compiling serde_derive v1.0.229
   Compiling zmij v1.0.23
   Compiling lexical-write-integer v1.0.6
   Compiling lexical-parse-integer v1.0.6
   Compiling aho-corasick v1.1.5
   Compiling fastrand v2.5.0
   Compiling serde_json v1.0.151
   Compiling regex-syntax v0.8.11
   Compiling thiserror v2.0.21
   Compiling regex-automata v0.4.18
   Compiling phf_generator v0.14.0
   Compiling lexical-parse-float v1.0.6
   Compiling lexical-write-float v1.0.6
   Compiling thiserror-impl v2.0.21
   Compiling itoa v1.0.18
   Compiling memo-map v0.3.4
   Compiling minijinja v2.24.0
   Compiling lexical-core v1.0.6
   Compiling phf_codegen v0.14.0
   Compiling regex v1.13.1
   Compiling quick-xml v0.42.0
   Compiling heck v0.5.0
   Compiling smallvec v1.16.2
   Compiling polyxml v0.34.0 (/home/bailey/github/PolyXML/crates/polyxml-core)
   Compiling phf v0.14.0
   Compiling dispatch-consumer v0.0.0 (/home/bailey/github/PolyXML/benchmarks/rust-phf-compile/target/unsignedInt/600/phf)
    Finished `release` profile [optimized] target(s) in 2m 01s
	Command being timed: "cargo build --release --offline --locked --manifest-path /home/bailey/github/PolyXML/benchmarks/rust-phf-compile/target/unsignedInt/600/phf/Cargo.toml"
	User time (seconds): 116.94
	System time (seconds): 4.51
	Percent of CPU this job got: 99%
	Elapsed (wall clock) time (h:mm:ss or m:ss): 2:01.79
	Average shared text size (kbytes): 0
	Average unshared data size (kbytes): 0
	Average stack size (kbytes): 0
	Average total size (kbytes): 0
	Maximum resident set size (kbytes): 1534864
	Average resident set size (kbytes): 0
	Major (requiring I/O) page faults: 12
	Minor (reclaiming a frame) page faults: 3263967
	Voluntary context switches: 6922
	Involuntary context switches: 872
	Swaps: 0
	File system inputs: 0
	File system outputs: 0
	Socket messages sent: 0
	Socket messages received: 0
	Signals delivered: 0
	Page size (bytes): 4096
	Exit status: 0

=== rebuild-1 ===
memcap: <=9682 MiB (70% of 13832 MiB available) [systemd MemoryMax, swap off]
   Compiling dispatch-consumer v0.0.0 (/home/bailey/github/PolyXML/benchmarks/rust-phf-compile/target/unsignedInt/600/phf)
    Finished `release` profile [optimized] target(s) in 57.43s
	Command being timed: "cargo build --release --offline --locked --manifest-path /home/bailey/github/PolyXML/benchmarks/rust-phf-compile/target/unsignedInt/600/phf/Cargo.toml"
	User time (seconds): 55.24
	System time (seconds): 2.22
	Percent of CPU this job got: 100%
	Elapsed (wall clock) time (h:mm:ss or m:ss): 0:57.44
	Average shared text size (kbytes): 0
	Average unshared data size (kbytes): 0
	Average stack size (kbytes): 0
	Average total size (kbytes): 0
	Maximum resident set size (kbytes): 1525600
	Average resident set size (kbytes): 0
	Major (requiring I/O) page faults: 1
	Minor (reclaiming a frame) page faults: 1952039
	Voluntary context switches: 836
	Involuntary context switches: 419
	Swaps: 0
	File system inputs: 0
	File system outputs: 0
	Socket messages sent: 0
	Socket messages received: 0
	Signals delivered: 0
	Page size (bytes): 4096
	Exit status: 0

=== rebuild-2 ===
memcap: <=9688 MiB (70% of 13840 MiB available) [systemd MemoryMax, swap off]
   Compiling dispatch-consumer v0.0.0 (/home/bailey/github/PolyXML/benchmarks/rust-phf-compile/target/unsignedInt/600/phf)
    Finished `release` profile [optimized] target(s) in 57.62s
	Command being timed: "cargo build --release --offline --locked --manifest-path /home/bailey/github/PolyXML/benchmarks/rust-phf-compile/target/unsignedInt/600/phf/Cargo.toml"
	User time (seconds): 55.49
	System time (seconds): 2.15
	Percent of CPU this job got: 100%
	Elapsed (wall clock) time (h:mm:ss or m:ss): 0:57.62
	Average shared text size (kbytes): 0
	Average unshared data size (kbytes): 0
	Average stack size (kbytes): 0
	Average total size (kbytes): 0
	Maximum resident set size (kbytes): 1539072
	Average resident set size (kbytes): 0
	Major (requiring I/O) page faults: 1
	Minor (reclaiming a frame) page faults: 1898925
	Voluntary context switches: 834
	Involuntary context switches: 437
	Swaps: 0
	File system inputs: 0
	File system outputs: 0
	Socket messages sent: 0
	Socket messages received: 0
	Signals delivered: 0
	Page size (bytes): 4096
	Exit status: 0

=== rebuild-3 ===
memcap: <=9675 MiB (70% of 13822 MiB available) [systemd MemoryMax, swap off]
   Compiling dispatch-consumer v0.0.0 (/home/bailey/github/PolyXML/benchmarks/rust-phf-compile/target/unsignedInt/600/phf)
    Finished `release` profile [optimized] target(s) in 57.07s
	Command being timed: "cargo build --release --offline --locked --manifest-path /home/bailey/github/PolyXML/benchmarks/rust-phf-compile/target/unsignedInt/600/phf/Cargo.toml"
	User time (seconds): 54.91
	System time (seconds): 2.17
	Percent of CPU this job got: 100%
	Elapsed (wall clock) time (h:mm:ss or m:ss): 0:57.08
	Average shared text size (kbytes): 0
	Average unshared data size (kbytes): 0
	Average stack size (kbytes): 0
	Average total size (kbytes): 0
	Maximum resident set size (kbytes): 1592008
	Average resident set size (kbytes): 0
	Major (requiring I/O) page faults: 1
	Minor (reclaiming a frame) page faults: 1873322
	Voluntary context switches: 674
	Involuntary context switches: 429
	Swaps: 0
	File system inputs: 0
	File system outputs: 0
	Socket messages sent: 0
	Socket messages received: 0
	Signals delivered: 0
	Page size (bytes): 4096
	Exit status: 0
memcap: <=9704 MiB (70% of 13862 MiB available) [systemd MemoryMax, swap off]
