memcap: <=7726 MiB (60% of 12876 MiB available) [systemd MemoryMax, swap off]
╭────────────────────────────────────────────────────────────────╮
│ PolyXML W3C XML Schema Conformance Suite                       │
│ Compiler Binary: /tmp/polyxml-followup-integration-bin/polyxml │
│ W3C Submodule: /home/bailey/github/polyxml-w3c-tests/w3c       │
│ Selected Suite: CType                                          │
╰────────────────────────────────────────────────────────────────╯
Executing 6 test group(s)...

  Testing CType/derivationmethod00102m2... ━━━━━━━━━━━━━━━━━━━━━━━━ 100% 0:00:00

       W3C XML Schema Conformance Summary        
┏━━━━━━━━━━━━━━━━━━━━━━━━━━━━━━┳━━━━━━━┳━━━━━━━━┓
┃ Category                     ┃ Count ┃   Rate ┃
┡━━━━━━━━━━━━━━━━━━━━━━━━━━━━━━╇━━━━━━━╇━━━━━━━━┩
│ Total Test Groups            │     6 │ 100.0% │
│ Schema Compilations Passed   │     6 │ 100.0% │
│ Schema Compilations Failed   │     0 │   0.0% │
│ Valid Instances Evaluated    │     6 │      - │
│ Roundtrip Validations Passed │     3 │  50.0% │
└──────────────────────────────┴───────┴────────┘

Failures & Exceptions (3 groups):
┏━━━━━━━━━━━━━━━━━━━━┳━━━━━━━━━━━━━━━┳━━━━━━━━━━━━━━━━━━━━┳━━━━━━━━━━━━━━━━━━━━┓
┃                    ┃               ┃     Instances      ┃ Error / First      ┃
┃ Suite/Group        ┃ Schema Status ┃    (Pass/Total)    ┃ Failure            ┃
┡━━━━━━━━━━━━━━━━━━━━╇━━━━━━━━━━━━━━━╇━━━━━━━━━━━━━━━━━━━━╇━━━━━━━━━━━━━━━━━━━━┩
│ CType/basetd00101… │ PASS          │        0/1         │ Positive: FAIL -   │
│                    │               │                    │ Root.__init__()    │
│                    │               │                    │ missing 1 required │
│                    │               │                    │ keyword-only       │
│                    │               │                    │ argument: 'valu    │
│ CType/basetd00101… │ PASS          │        0/1         │ Positive: FAIL -   │
│                    │               │                    │ Root.__init__()    │
│                    │               │                    │ missing 1 required │
│                    │               │                    │ keyword-only       │
│                    │               │                    │ argument: 'valu    │
│ CType/derivationm… │ PASS          │        0/1         │ Positive: FAIL -   │
│                    │               │                    │ B.__init__()       │
│                    │               │                    │ missing 1 required │
│                    │               │                    │ keyword-only       │
│                    │               │                    │ argument: 'value'  │
└────────────────────┴───────────────┴────────────────────┴────────────────────┘
