memcap: <=7609 MiB (60% of 12683 MiB available) [systemd MemoryMax, swap off]
╭───────────────────────────────────────────────────────────────────╮
│ PolyXML W3C XML Schema Conformance Suite                          │
│ Compiler Binary: /tmp/polyxml-followup-simple-content-bin/polyxml │
│ W3C Submodule: /home/bailey/github/polyxml-w3c-tests/w3c          │
│ Selected Suite: CType                                             │
╰───────────────────────────────────────────────────────────────────╯
Executing 31 test group(s)...

  Testing CType/targetns00101m... ━━━━━━━━━━━━━━━━━━━━━━━━━━━━━━━━━ 100% 0:00:00

       W3C XML Schema Conformance Summary        
┏━━━━━━━━━━━━━━━━━━━━━━━━━━━━━━┳━━━━━━━┳━━━━━━━━┓
┃ Category                     ┃ Count ┃   Rate ┃
┡━━━━━━━━━━━━━━━━━━━━━━━━━━━━━━╇━━━━━━━╇━━━━━━━━┩
│ Total Test Groups            │    31 │ 100.0% │
│ Schema Compilations Passed   │    31 │ 100.0% │
│ Schema Compilations Failed   │     0 │   0.0% │
│ Valid Instances Evaluated    │    28 │      - │
│ Roundtrip Validations Passed │    26 │  92.9% │
└──────────────────────────────┴───────┴────────┘

Failures & Exceptions (2 groups):
┏━━━━━━━━━━━━━━━━━━━━┳━━━━━━━━━━━━━━━┳━━━━━━━━━━━━━━━━━━━━┳━━━━━━━━━━━━━━━━━━━━┓
┃                    ┃               ┃     Instances      ┃ Error / First      ┃
┃ Suite/Group        ┃ Schema Status ┃    (Pass/Total)    ┃ Failure            ┃
┡━━━━━━━━━━━━━━━━━━━━╇━━━━━━━━━━━━━━━╇━━━━━━━━━━━━━━━━━━━━╇━━━━━━━━━━━━━━━━━━━━┩
│ CType/psubstituti… │ PASS          │        1/2         │ pSubstitutions001… │
│                    │               │                    │ FAIL - Schema      │
│                    │               │                    │ error: Unexpected  │
│                    │               │                    │ root element       │
│                    │               │                    │ {pSubstitu         │
│ CType/psubstituti… │ PASS          │        1/2         │ pSubstitutions001… │
│                    │               │                    │ FAIL - Schema      │
│                    │               │                    │ error: Unexpected  │
│                    │               │                    │ root element       │
│                    │               │                    │ {pSubstitu         │
└────────────────────┴───────────────┴────────────────────┴────────────────────┘
