memcap: <=7668 MiB (60% of 12781 MiB available) [systemd MemoryMax, swap off]
[0;34m==> [1/6] Running Rust format check (cargo fmt)...[0m
[0;34m==> [2/6] Running Rust Clippy (cargo clippy -D warnings)...[0m
   Compiling syn v3.0.5
    Checking serde_core v1.0.229
    Checking memchr v2.8.3
   Compiling serde_derive v1.0.229
    Checking serde v1.0.229
   Compiling syn v2.0.119
    Checking lexical-util v1.0.7
    Checking siphasher v1.0.3
    Checking phf_shared v0.14.0
    Checking zmij v1.0.23
    Checking aho-corasick v1.1.5
    Checking regex-syntax v0.8.11
    Checking fastrand v2.5.0
    Checking itoa v1.0.18
    Checking serde_json v1.0.151
    Checking regex-automata v0.4.18
    Checking lexical-parse-integer v1.0.6
    Checking lexical-write-integer v1.0.6
    Checking lexical-write-float v1.0.6
    Checking lexical-parse-float v1.0.6
    Checking regex v1.13.1
    Checking phf_generator v0.14.0
   Compiling thiserror-impl v2.0.21
    Checking memo-map v0.3.4
    Checking minijinja v2.24.0
    Checking thiserror v2.0.21
    Checking phf_codegen v0.14.0
    Checking lexical-core v1.0.6
    Checking quick-xml v0.42.0
    Checking smallvec v1.16.2
    Checking heck v0.5.0
    Checking once_cell v1.21.4
    Checking polyxml v0.34.6 (/home/bailey/github/polyxml-mixed-index/crates/polyxml-core)
    Checking cfg-if v1.0.4
    Checking libc v0.2.189
    Checking utf8parse v0.2.2
    Checking anstyle-parse v1.0.0
    Checking colorchoice v1.0.5
    Checking anstyle-query v1.1.5
    Checking anstyle v1.0.14
    Checking is_terminal_polyfill v1.70.2
    Checking anstream v1.0.0
    Checking strsim v0.11.1
    Checking bitflags v2.13.2
    Checking clap_lex v1.1.0
    Checking clap_builder v4.6.7
   Compiling clap_derive v4.6.7
    Checking clap v4.6.7
   Compiling zerocopy-derive v0.8.57
    Checking linux-raw-sys v0.12.1
    Checking rustix v1.1.5
    Checking zerocopy v0.8.57
    Checking getrandom v0.4.3
    Checking tempfile v3.27.0
    Checking half v2.7.1
    Checking either v1.18.0
    Checking ciborium-io v0.2.2
    Checking ciborium-ll v0.2.2
    Checking itertools v0.13.0
    Checking cast v0.3.0
    Checking same-file v1.0.6
    Checking walkdir v2.5.0
    Checking criterion-plot v0.8.2
    Checking num-traits v0.2.19
    Checking alloca v0.4.0
   Compiling phf_macros v0.14.0
    Checking ciborium v0.2.2
    Checking page_size v0.6.0
    Checking tinytemplate v1.2.1
    Checking oorandom v11.1.5
    Checking yansi v1.0.1
    Checking diff v0.1.13
    Checking anes v0.1.6
    Checking criterion v0.8.2
    Checking pretty_assertions v1.4.1
    Checking phf v0.14.0
   Compiling target-lexicon v0.13.5
   Compiling wasm-bindgen-shared v0.2.129
   Compiling pyo3-build-config v0.29.2
    Checking winnow v1.0.4
   Compiling rustversion v1.0.23
    Checking toml_parser v1.1.3+spec-1.1.0
   Compiling pyo3-ffi v0.29.2
    Checking serde_spanned v1.1.1
    Checking toml_datetime v1.1.1+spec-1.1.0
    Checking toml_writer v1.1.2+spec-1.1.0
    Checking toml v1.1.6+spec-1.1.0
   Compiling unicode-segmentation v1.13.3
   Compiling bumpalo v3.20.3
    Checking glob v0.3.4
   Compiling wasm-bindgen-macro-support v0.2.129
   Compiling convert_case v0.6.0
   Compiling wasm-bindgen v0.2.129
   Compiling pyo3 v0.29.2
   Compiling pyo3-macros-backend v0.29.2
   Compiling napi-build v2.5.0
   Compiling semver v1.0.28
    Checking unicode-ident v1.0.24
   Compiling napi-derive-backend v1.0.75
   Compiling polyxml-js v0.34.6 (/home/bailey/github/polyxml-mixed-index/crates/polyxml-js)
   Compiling pyo3-macros v0.29.2
   Compiling wasm-bindgen-macro v0.2.129
    Checking polyxml-cli v0.34.6 (/home/bailey/github/polyxml-mixed-index/crates/polyxml-cli)
   Compiling ctor v0.2.9
    Checking napi-sys v2.4.0
   Compiling napi-derive v2.16.13
    Checking napi v2.16.17
    Checking polyxml-wasm v0.34.6 (/home/bailey/github/polyxml-mixed-index/crates/polyxml-wasm)
    Checking polyxml-python v0.34.6 (/home/bailey/github/polyxml-mixed-index/crates/polyxml-python)
    Checking polyxml-c v0.34.6 (/home/bailey/github/polyxml-mixed-index/crates/polyxml-c)
    Finished `dev` profile [unoptimized + debuginfo] target(s) in 44.52s
[0;34m==> [3/6] Running Rust workspace tests (cargo test)...[0m
   Compiling unicode-ident v1.0.24
   Compiling proc-macro2 v1.0.107
   Compiling quote v1.0.47
   Compiling syn v3.0.5
   Compiling serde_derive v1.0.229
   Compiling serde v1.0.229
   Compiling syn v2.0.119
   Compiling once_cell v1.21.4
   Compiling thiserror-impl v2.0.21
   Compiling minijinja v2.24.0
   Compiling thiserror v2.0.21
   Compiling quick-xml v0.42.0
   Compiling polyxml v0.34.6 (/home/bailey/github/polyxml-mixed-index/crates/polyxml-core)
   Compiling utf8parse v0.2.2
   Compiling anstyle-parse v1.0.0
   Compiling is_terminal_polyfill v1.70.2
   Compiling colorchoice v1.0.5
   Compiling anstyle-query v1.1.5
   Compiling anstream v1.0.0
   Compiling strsim v0.11.1
   Compiling clap_builder v4.6.7
   Compiling clap_derive v4.6.7
   Compiling clap v4.6.7
   Compiling zerocopy-derive v0.8.57
   Compiling zerocopy v0.8.57
   Compiling tempfile v3.27.0
   Compiling half v2.7.1
   Compiling ciborium-ll v0.2.2
   Compiling phf_macros v0.14.0
   Compiling ciborium v0.2.2
   Compiling tinytemplate v1.2.1
   Compiling criterion v0.8.2
   Compiling phf v0.14.0
   Compiling winnow v1.0.4
   Compiling toml_parser v1.1.3+spec-1.1.0
   Compiling serde_spanned v1.1.1
   Compiling toml_datetime v1.1.1+spec-1.1.0
   Compiling toml_writer v1.1.2+spec-1.1.0
   Compiling toml v1.1.6+spec-1.1.0
   Compiling wasm-bindgen-shared v0.2.129
   Compiling glob v0.3.4
   Compiling wasm-bindgen-macro-support v0.2.129
   Compiling aho-corasick v1.1.5
   Compiling regex-automata v0.4.18
   Compiling wasm-bindgen-macro v0.2.129
   Compiling polyxml-cli v0.34.6 (/home/bailey/github/polyxml-mixed-index/crates/polyxml-cli)
   Compiling wasm-bindgen v0.2.129
   Compiling regex v1.13.1
   Compiling pyo3-macros-backend v0.29.2
   Compiling napi-derive-backend v1.0.75
   Compiling polyxml-js v0.34.6 (/home/bailey/github/polyxml-mixed-index/crates/polyxml-js)
   Compiling pyo3-macros v0.29.2
   Compiling pyo3-ffi v0.29.2
   Compiling ctor v0.2.9
   Compiling napi-sys v2.4.0
   Compiling napi v2.16.17
   Compiling pyo3 v0.29.2
   Compiling napi-derive v2.16.13
   Compiling polyxml-wasm v0.34.6 (/home/bailey/github/polyxml-mixed-index/crates/polyxml-wasm)
   Compiling polyxml-python v0.34.6 (/home/bailey/github/polyxml-mixed-index/crates/polyxml-python)
   Compiling polyxml-c v0.34.6 (/home/bailey/github/polyxml-mixed-index/crates/polyxml-c)
    Finished `test` profile [unoptimized + debuginfo] target(s) in 1m 05s
     Running unittests src/lib.rs (/home/bailey/github/PolyXML/target/followup-mixed-index-verification/debug/deps/polyxml-675b717e531d04ed)

running 16 tests
test integer::tests::comparison_uses_sign_and_magnitude ... ok
test ir::chunker::tests::test_topological_scc_chunking_dag_invariants ... ok
test ir::root_selection_tests::inherited_base_does_not_select_sibling_types ... ok
test ir::root_selection_tests::rejects_missing_and_ambiguous_roots ... ok
test ir::root_selection_tests::keeps_references_descendants_and_substitutions ... ok
test json::tests::test_json_deserialization_accepts_python_field_names ... ok
test json::tests::test_json_roundtrip_primitives ... ok
test tests::test_nested_elements_and_lists ... ok
test tests::test_streaming_xml_item_stream ... ok
test tests::test_deserialization_does_not_confuse_xmlns_with_attributes ... ok
test ir::root_selection_tests::field_reference_keeps_substitution_group_members ... ok
test tests::test_roundtrip_serialization_deserialization ... ok
test tests::test_namespaced_serialization ... ok
test pattern::tests::bounded_cache_evicts_and_retains_invalid_results ... ok
test pattern::tests::cache_matches_uncached_regex_under_churn_and_concurrency ... ok
test pattern::tests::cyclic_working_set_above_capacity_keeps_reusing_entries ... ok

test result: ok. 16 passed; 0 failed; 0 ignored; 0 measured; 0 filtered out; finished in 0.15s

     Running tests/test_adversarial_identifiers.rs (/home/bailey/github/PolyXML/target/followup-mixed-index-verification/debug/deps/test_adversarial_identifiers-34056256ccaa17cb)

running 7 tests
test test_rust_adversarial_compilation ... ok
test test_python_adversarial_compilation ... ok
test test_go_adversarial_compilation ... ok
test test_cpp_adversarial_compilation ... ok
test test_java_adversarial_compilation ... ok
test test_typescript_adversarial_compilation ... ok
test test_csharp_adversarial_compilation ... ok

test result: ok. 7 passed; 0 failed; 0 ignored; 0 measured; 0 filtered out; finished in 3.26s

     Running tests/test_any_attribute.rs (/home/bailey/github/PolyXML/target/followup-mixed-index-verification/debug/deps/test_any_attribute-d5795d9c5e0fdefd)

running 1 test
test test_any_attribute_schema_parser_and_runtime_roundtrip ... ok

test result: ok. 1 passed; 0 failed; 0 ignored; 0 measured; 0 filtered out; finished in 0.00s

     Running tests/test_any_element.rs (/home/bailey/github/PolyXML/target/followup-mixed-index-verification/debug/deps/test_any_element-1fb225d6616938e8)

running 2 tests
test test_any_element_go_codegen ... ok
test test_any_element_schema_parser_and_runtime_roundtrip ... ok

test result: ok. 2 passed; 0 failed; 0 ignored; 0 measured; 0 filtered out; finished in 0.00s

     Running tests/test_conformance.rs (/home/bailey/github/PolyXML/target/followup-mixed-index-verification/debug/deps/test_conformance-0b37810d65fedfce)

running 4 tests
test test_ubl_invoice_conformance ... ok
test test_soap_envelope_conformance ... ok
test test_atom_feed_conformance ... ok
test test_streaming_catalog_conformance ... ok

test result: ok. 4 passed; 0 failed; 0 ignored; 0 measured; 0 filtered out; finished in 0.02s

     Running tests/test_core.rs (/home/bailey/github/PolyXML/target/followup-mixed-index-verification/debug/deps/test_core-f4cc1079f88df2bc)

running 9 tests
test integer_mappings_keep_fixed_width_builtins ... ok
test test_gregorian_partial_date_lexical_validation ... ok
test test_malformed_xml_syntax_error ... ok
test test_error_handling_invalid_scalars ... ok
test test_all_scalar_types ... ok
test test_roundtrip_serialization_with_indentation ... ok
test test_xsi_nil_handling ... ok
test unbounded_integers_round_trip_and_compare_exact_bounds ... ok
test test_xsd_gregorian_fields_round_trip_and_reject_invalid_dates ... ok

test result: ok. 9 passed; 0 failed; 0 ignored; 0 measured; 0 filtered out; finished in 0.00s

     Running tests/test_cpp_codegen.rs (/home/bailey/github/PolyXML/target/followup-mixed-index-verification/debug/deps/test_cpp_codegen-a4cd5571504c64d5)

running 14 tests
test simple_aliases_follow_their_base_types ... ok
test test_cpp_cmake_modules_file_set ... ok
test test_cpp_cmake_and_meson_generation ... ok
test test_cpp_glaze_backend_meta_generation ... ok
test test_cpp_mode_and_backend_from_str_loose ... ok
test test_cpp_sanitization ... ok
test mixed_content_self_cycle_compiles ... ok
test mixed_content_mutual_cycle_compiles ... ok
Inheritance test passed.
test test_cpp_inheritance_codegen ... ok
Choice pattern matching passed.
test test_cpp_choice_variant_compilation ... ok
All C++20 tests passed successfully.
test test_cpp_struct_and_enum_codegen_compilation ... ok
Recursive tree unique_ptr passed.
test test_cpp_recursive_cycle_unique_ptr ... ok
test test_cpp_modules_compilation ... ok
ISO 20022 pacs.008 C++20 test passed.
test test_cpp_from_xsd_schema ... ok

test result: ok. 14 passed; 0 failed; 0 ignored; 0 measured; 0 filtered out; finished in 0.89s

     Running tests/test_csharp_codegen.rs (/home/bailey/github/PolyXML/target/followup-mixed-index-verification/debug/deps/test_csharp_codegen-cf32febf6e7f0777)

running 20 tests
test choice_variants_avoid_record_member_names ... ok
test emits_unrestricted_simple_types_and_validates_empty_records ... ok
test test_csharp_record_kind_from_str_loose ... ok
test test_csharp_any_attribute_codegen ... ok
test test_csharp_date_or_datetime_lexical_union ... ok
test test_csharp_sanitization ... ok
test test_csharp_sequence_nested_inside_choice_codegen ... ok
test test_csharp_source_gen_context ... ok
  Determining projects to restore...
  Restored /tmp/.tmpOFDxn1/PaymentsApp.csproj (in 194 ms).
  PaymentsApp -> /tmp/.tmpOFDxn1/bin/Debug/net8.0/PaymentsApp.dll

Build succeeded.
    0 Warning(s)
    0 Error(s)

Time Elapsed 00:00:01.20
Choice pattern matching and XML serialization passed!
test test_csharp_choice_polymorphic_hierarchy ... ok
test unbounded_integer_xml_preserves_digits ... ok
  Determining projects to restore...
  Restored /tmp/.tmpTpbbyr/CrmApp.csproj (in 165 ms).
  CrmApp -> /tmp/.tmpTpbbyr/bin/Debug/net8.0/CrmApp.dll

Build succeeded.
    0 Warning(s)
    0 Error(s)

Time Elapsed 00:00:01.05
Customer C# tests passed cleanly!
test test_csharp_records_and_enums_generation ... ok
  Determining projects to restore...
  Restored /tmp/.tmpGigH2L/TreeApp.csproj (in 166 ms).
  TreeApp -> /tmp/.tmpGigH2L/bin/Debug/net8.0/TreeApp.dll

Build succeeded.
    0 Warning(s)
    0 Error(s)

Time Elapsed 00:00:01.02
Recursive tree C# tests passed cleanly!
test test_csharp_recursive_cycle ... ok
test test_csharp_mutable_inheritance_roundtrip ... ok
test test_csharp_simple_content_class_validator_and_unsealed_records ... ok
test test_csharp_mutable_wrappers_and_choices_without_validation ... ok
test element_defaults_preserve_absence_and_empty_presence ... ok
test fixed_values_are_enforced_on_read_and_write ... ok
test lexical_union_attributes_round_trip ... ok
test nillable_enum_collection_round_trips ... ok
test particle_wire_structure_round_trips ... ok

test result: ok. 20 passed; 0 failed; 0 ignored; 0 measured; 0 filtered out; finished in 50.46s

     Running tests/test_go_codegen.rs (/home/bailey/github/PolyXML/target/followup-mixed-index-verification/debug/deps/test_go_codegen-005c45ed4341be87)

running 25 tests
test root_alias_names_are_unique_after_go_normalization ... ok
test referenced_element_uses_declared_type_after_includes ... ok
test test_go_any_attribute_codegen ... ok
test test_go_backend_from_str_loose ... ok
go: creating new go.mod: module payments
go: to add module requirements and sums:
	go mod tidy
test imported_ordered_types_do_not_add_unused_bytes_import ... ok
test test_go_date_or_datetime_lexical_union ... ok
test test_go_easyjson_backend ... ok
test test_go_enum_only_schema_omits_unused_xml_import ... ok
test duplicate_choice_names_reject_invalid_branch_shapes ... ok
go: creating new go.mod: module tree
go: to add module requirements and sums:
	go mod tidy
test roots_and_union_attributes_round_trip ... ok
test test_go_sanitization ... ok
test test_go_sonic_backend ... ok
go: creating new go.mod: module crm
go: to add module requirements and sums:
	go mod tidy
=== RUN   TestChoiceMutualExclusivity
    payments_test.go:44: Correctly rejected concurrent choice branches: choice ContactChoice mutual exclusivity violation: multiple branches populated (2)
--- PASS: TestChoiceMutualExclusivity (0.00s)
PASS
ok  	payments	0.007s
test nested_lexical_unions_compile_and_round_trip_in_go ... ok
test test_go_choice_mutual_exclusivity ... ok
test repeated_sequence_groups_enforce_bounds_and_order ... ok
test abstract_substitution_heads_are_rejected ... ok
test repeated_choice_branch_rejects_mixed_and_empty_selections ... ok
test temporal_scalars_preserve_xsd_lexical_values ... ok
test test_go_abstract_xsi_type_dispatch ... ok
test separate_choices_enforce_each_group ... ok
test test_go_namespaced_element_ref_matching ... ok
=== RUN   TestRecursiveTree
--- PASS: TestRecursiveTree (0.00s)
PASS
ok  	tree	0.002s
test test_go_recursive_cycle_pointers ... ok
=== RUN   TestCustomerRoundtrip
--- PASS: TestCustomerRoundtrip (0.00s)
PASS
ok  	crm	0.002s
test test_go_struct_and_enum_generation ... ok
test unbounded_integer_xml_preserves_digits ... ok
test ordered_particles_and_choice_branches_round_trip ... ok

test result: ok. 25 passed; 0 failed; 0 ignored; 0 measured; 0 filtered out; finished in 1.04s

     Running tests/test_java_codegen.rs (/home/bailey/github/PolyXML/target/followup-mixed-index-verification/debug/deps/test_java_codegen-a6078e165fc64681)

running 17 tests
test test_java_identifier_sanitization ... ok
test test_java_jackson_backend_simple_type_annotations ... ok
test test_java_jackson_backend_enum_annotations ... ok
test test_java_jackson_backend_struct_annotations ... ok
test test_java_jackson_backend_from_str_loose ... ok
test test_java_jackson_backend_union_annotations ... ok
test test_direct_codec_rejects_wildcards_and_name_collisions ... ok
test test_java_bean_validation_annotations_are_opt_in ... ok
test jackson3_preserves_core_annotations_and_maps_record_text ... ok
test test_java_plain_record_inlines_base_fields ... ok
test test_java_module_container_class ... ok
test test_java_records_and_enums_generation ... ok
test test_java_sealed_interface_choice ... ok
test test_java_plain_record_extension_javac_execute ... ok
test test_java_record_builder_and_nested_codec_execute ... ok
test test_java_mutable_builders_and_direct_codecs_execute ... ok
test test_java_direct_nil_lists_choices_and_namespaces ... ok

test result: ok. 17 passed; 0 failed; 0 ignored; 0 measured; 0 filtered out; finished in 2.44s

     Running tests/test_json.rs (/home/bailey/github/PolyXML/target/followup-mixed-index-verification/debug/deps/test_json-74440efee0e911e7)

running 4 tests
test test_polyvalue_direct_json_methods ... ok
test test_json_primitives_and_alias_modes ... ok
test test_json_scalar_coercion ... ok
test test_json_nested_objects_and_lists ... ok

test result: ok. 4 passed; 0 failed; 0 ignored; 0 measured; 0 filtered out; finished in 0.00s

     Running tests/test_lexical_lists.rs (/home/bailey/github/PolyXML/target/followup-mixed-index-verification/debug/deps/test_lexical_lists-0f6750d9c4bf9a3c)

running 2 tests
test named_list_items_enforce_facets_and_enumerations ... ok
test typed_lexical_lists_round_trip_across_codecs ... ok

test result: ok. 2 passed; 0 failed; 0 ignored; 0 measured; 0 filtered out; finished in 3.27s

     Running tests/test_lexical_union_codegen.rs (/home/bailey/github/PolyXML/target/followup-mixed-index-verification/debug/deps/test_lexical_union_codegen-3c208893561d2732)

running 2 tests
test lexical_union_xml_selects_first_valid_member_and_round_trips ... ok
test lexical_unions_are_typed_in_all_targets ... ok

test result: ok. 2 passed; 0 failed; 0 ignored; 0 measured; 0 filtered out; finished in 0.00s

     Running tests/test_mixed_branch_lookup.rs (/home/bailey/github/PolyXML/target/followup-mixed-index-verification/debug/deps/test_mixed_branch_lookup-b361da17b3391045)

running 1 test
test large_mixed_tables_keep_first_match_metadata_edits_records_and_nil ... ok

test result: ok. 1 passed; 0 failed; 0 ignored; 0 measured; 0 filtered out; finished in 0.01s

     Running tests/test_mixed_content.rs (/home/bailey/github/PolyXML/target/followup-mixed-index-verification/debug/deps/test_mixed_content-1a697ad935ae2797)

running 5 tests
test mixed_items_field_avoids_existing_attribute_name ... ok
test parser_builds_ordered_mixed_content_union ... ok
test mixed_content_preserves_nested_child_order ... ok
test mixed_content_preserves_text_and_child_order ... ok
test generated_models_keep_typed_content_items_in_all_targets ... ok

test result: ok. 5 passed; 0 failed; 0 ignored; 0 measured; 0 filtered out; finished in 0.00s

     Running tests/test_mixed_nil.rs (/home/bailey/github/PolyXML/target/followup-mixed-index-verification/debug/deps/test_mixed_nil-9410990f6ba737b9)

running 2 tests
test nil_scalar_and_nested_items_keep_order_and_differ_from_empty_strings ... ok
test nil_instance_prefix_does_not_rebind_the_element_namespace ... ok

test result: ok. 2 passed; 0 failed; 0 ignored; 0 measured; 0 filtered out; finished in 0.00s

     Running tests/test_pattern_codegen.rs (/home/bailey/github/PolyXML/target/followup-mixed-index-verification/debug/deps/test_pattern_codegen-5eee5f9fe2ed3d1a)

running 9 tests
test generated_typescript_pattern_validation_all_backends ... ok
test pattern_restrictions_preserve_or_groups_and_inherited_and_steps ... ok
test gregorian_primitives_emit_validated_types_across_targets ... ok
test generated_python_pattern_validation ... ok
test generated_go_pattern_validation_and_xml_roundtrip ... ok
test generated_java_pattern_validation_and_direct_codecs ... ok
test generated_cpp_pattern_validation ... ok
test generated_csharp_pattern_validation ... ok
test generated_rust_pattern_validation_and_xml_roundtrip ... ok

test result: ok. 9 passed; 0 failed; 0 ignored; 0 measured; 0 filtered out; finished in 24.57s

     Running tests/test_python_codegen.rs (/home/bailey/github/PolyXML/target/followup-mixed-index-verification/debug/deps/test_python_codegen-cc734e908fb39fb6)

running 16 tests
test test_identifier_sanitization ... ok
test multiline_xsd_documentation_stays_inside_python_comments ... ok
test test_python_abstract_meta_emission ... ok
test test_python_any_attribute_codegen ... ok
test test_python_choice_union_codegen ... ok
test test_python_codecs_generation ... ok
test test_python_any_element_codegen ... ok
test test_python_generated_tag_and_custom_header ... ok
test test_python_aot_codegen ... ok
test test_python_dataclass_codegen ... ok
test test_python_pydantic_codegen_with_facets ... ok
test test_python_recursive_type_codegen ... ok
test test_python_derived_meta_inheritance ... ok
test test_python_simplecontent_default_factory ... ok
test test_python_sequence_nested_inside_choice_codegen ... ok
test quoted_docstrings_preserve_text_and_remain_valid_python ... ok

test result: ok. 16 passed; 0 failed; 0 ignored; 0 measured; 0 filtered out; finished in 0.06s

     Running tests/test_qualified_attributes.rs (/home/bailey/github/PolyXML/target/followup-mixed-index-verification/debug/deps/test_qualified_attributes-f8397a31cf1ecf15)

running 5 tests
test global_attribute_references_round_trip_by_namespace ... ok
test imported_inline_global_attribute_enum_round_trips ... ok
test inherited_attribute_and_distinct_element_keep_separate_property_names ... ok
test derived_validators_preserve_base_constraints ... ok
test lexical_dependencies_compile_and_round_trip_without_implicit_imports ... ok

test result: ok. 5 passed; 0 failed; 0 ignored; 0 measured; 0 filtered out; finished in 8.30s

     Running tests/test_runtime_fast_paths.rs (/home/bailey/github/PolyXML/target/followup-mixed-index-verification/debug/deps/test_runtime_fast_paths-7bf9091b7252b7db)

running 6 tests
test repeated_nested_records_validate_their_own_lexical_lists ... ok
test repeated_lexical_lists_keep_whitespace_validation ... ok
test lexical_list_formatting_preserves_escaping_empty_lists_and_long_numbers ... ok
test indexed_scalar_state_preserves_enum_pattern_and_split_text ... ok
test cached_patterns_keep_raw_restriction_and_trimmed_pattern_semantics ... ok
test unified_scalar_state_keeps_mixed_branch_order_nil_and_nested_frames ... ok

test result: ok. 6 passed; 0 failed; 0 ignored; 0 measured; 0 filtered out; finished in 0.00s

     Running tests/test_rust_codecs.rs (/home/bailey/github/PolyXML/target/followup-mixed-index-verification/debug/deps/test_rust_codecs-9692e165bd5e14bf)

running 4 tests
test test_empty_element_codec ... ok
test test_facet_validation_min_max_length ... ok
test test_order_choice_roundtrip ... ok
test test_recursive_boxing_roundtrip ... ok

test result: ok. 4 passed; 0 failed; 0 ignored; 0 measured; 0 filtered out; finished in 0.00s

     Running tests/test_rust_codegen.rs (/home/bailey/github/PolyXML/target/followup-mixed-index-verification/debug/deps/test_rust_codegen-8bce8b4b67c7eca3)

running 26 tests
test multiline_docs_and_raw_field_names_are_valid_source ... ok
test test_rust_choice_union_codegen ... ok
test test_rust_attribute_codec_loop_syntax ... ok
test test_rust_codecs_codegen ... ok
test test_rust_identifier_sanitization ... ok
test test_rust_extension_base_cycle_cut ... ok
test test_rust_owned_codegen ... ok
test test_rust_phf_dispatch_uniquifies_like_field_metas ... ok
test test_rust_phf_dispatch_union_groups_branch_tags ... ok
test test_rust_recursive_cycle_boxing ... ok
test test_rust_extension_codecs_decode_and_encode_base_fields ... ok
test test_rust_rkyv_derives ... ok
test test_rust_extension_inlines_base_fields ... ok
test test_rust_enum_and_methods ... ok
test test_rust_digit_prefixed_module_sanitization ... ok
test test_rust_simple_type_cycle_resilience ... ok
test test_rust_simple_content_extension_shadow_rule ... ok
test test_rust_read_element_text_accumulates_refs_and_cdata ... ok
test test_rust_simple_content_text_codec ... ok
test test_rust_phf_dispatch_emission ... ok
test test_rust_topological_scc_chunking ... ok
test test_rust_zero_copy_codegen ... ok
test duplicate_wire_names_keep_distinct_json_values ... ok
test binary_lexical_values_compile_and_round_trip_in_owned_and_borrowed_modes ... ok
test empty_modules_compile_without_unused_reexports ... ok
test named_choice_wrappers_round_trip_without_unreachable_dispatch ... ok

test result: ok. 26 passed; 0 failed; 0 ignored; 0 measured; 0 filtered out; finished in 58.75s

     Running tests/test_schema_audit.rs (/home/bailey/github/PolyXML/target/followup-mixed-index-verification/debug/deps/test_schema_audit-24992dfb5b4a626c)

running 13 tests
test duplicate_enumeration_values_are_deduped ... ok
test distinct_values_with_colliding_variant_names_stay_unique ... ok
test derived_simple_type_inherits_base_patterns ... ok
test quick_xml_serde_skips_unknown_elements ... ok
test nested_inline_complex_type_is_extracted_not_leaked ... ok
test named_group_reference_fields_are_parsed ... ok
test simple_content_extension_emits_value_field ... ok
test generated_rust_has_no_deny_unknown_fields ... ok
test rust_flat_output_has_no_colliding_type_names ... ok
test all_languages_disambiguate_flat_collision ... ok
test restricted_simple_types_emit_named_aliases ... ok
test chameleon_include_adopts_including_namespace_per_includer ... ok
test diamond_includes_do_not_duplicate_upa_source_documents ... ok

test result: ok. 13 passed; 0 failed; 0 ignored; 0 measured; 0 filtered out; finished in 0.01s

     Running tests/test_schema_ir.rs (/home/bailey/github/PolyXML/target/followup-mixed-index-verification/debug/deps/test_schema_ir-f793c1b9895343c7)

running 20 tests
test global_attribute_reference_uses_declared_type ... ok
test missing_included_schema_is_an_error ... ok
test test_list_fields_do_not_trigger_spurious_cycles ... ok
test test_language_context_adapter ... ok
test schema_errors_preserve_forward_imports_and_annotation_payloads ... ok
test derived_complex_type_keeps_base_and_bounded_choice ... ok
test consumed_particles_do_not_swallow_following_declarations ... ok
test inline_list_item_types_preserve_enum_and_union_declarations ... ok
test consumed_child_subtrees_do_not_swallow_following_types ... ok
test test_tarjan_mutual_recursive_cycle_detection_and_boxing ... ok
test test_tarjan_self_recursive_cycle_detection_and_boxing ... ok
test schema_for_schemas_declared_types_are_not_unknown_builtins ... ok
test test_substitution_groups ... ok
test test_parse_lexical_union_member_types_and_inline_members ... ok
test test_minijinja_template_engine_and_filters ... ok
test xml_prefix_is_available_without_explicit_declaration ... ok
test test_parse_complex_type_and_facets ... ok
test imported_inline_global_attribute_types_are_resolved ... ok
test test_sequence_nested_inside_choice_preserved_in_ir ... ok
test test_parse_choice_as_union ... ok

test result: ok. 20 passed; 0 failed; 0 ignored; 0 measured; 0 filtered out; finished in 0.00s

     Running tests/test_security.rs (/home/bailey/github/PolyXML/target/followup-mixed-index-verification/debug/deps/test_security-c3afa670f1d6c619)

running 6 tests
test test_malformed_unclosed_cdata_rejection ... ok
test test_cdata_section_handling ... ok
test test_numeric_character_references ... ok
test test_xml_entity_roundtrip_escaping ... ok
test unsupported_general_entities_are_rejected ... ok
test test_max_depth_recursion_limit ... ok

test result: ok. 6 passed; 0 failed; 0 ignored; 0 measured; 0 filtered out; finished in 0.00s

     Running tests/test_temporal_union.rs (/home/bailey/github/PolyXML/target/followup-mixed-index-verification/debug/deps/test_temporal_union-e25d1f9b83e2fdc4)

running 2 tests
test go_temporal_union_preserves_branches_and_lexicals ... ok
test csharp_temporal_union_preserves_branches_and_lexicals ... ok

test result: ok. 2 passed; 0 failed; 0 ignored; 0 measured; 0 filtered out; finished in 3.06s

     Running tests/test_transcoder.rs (/home/bailey/github/PolyXML/target/followup-mixed-index-verification/debug/deps/test_transcoder-6854114408316a2e)

running 6 tests
test test_schemaless_pretty_transcoding ... ok
test test_schemaless_preserves_refs_cdata_and_attr_entities ... ok
test test_schemaless_xml_to_json_and_back ... ok
test test_transcoder_errors ... ok
test test_schema_directed_transcoding ... ok
test test_schema_from_ir_transcoding ... ok

test result: ok. 6 passed; 0 failed; 0 ignored; 0 measured; 0 filtered out; finished in 0.00s

     Running tests/test_ts_codegen.rs (/home/bailey/github/PolyXML/target/followup-mixed-index-verification/debug/deps/test_ts_codegen-4e67290c9758f4d9)

running 9 tests
test test_ts_backend_from_str_loose ... ok
test test_ts_identifier_sanitization ... ok
test test_ts_recursive_cycle_zod_lazy ... ok
test test_ts_typebox_schema_generation ... ok
test test_ts_interface_and_enum_codegen ... ok
test test_ts_zod_schema_generation ... ok
test test_ts_discriminated_union_choice ... ok
test test_ts_valibot_schema_generation ... ok
test mixed_content_inheritance_compiles_with_widened_items ... ok

test result: ok. 9 passed; 0 failed; 0 ignored; 0 measured; 0 filtered out; finished in 0.32s

     Running tests/test_ubl_csharp.rs (/home/bailey/github/PolyXML/target/followup-mixed-index-verification/debug/deps/test_ubl_csharp-b04bc8d2d5f891c2)

running 2 tests
test unprefixed_xsd_builtin_simple_content_base_uses_default_namespace ... ok
test multi_namespace_roots_and_inherited_simple_content_compile_and_round_trip ... ok

test result: ok. 2 passed; 0 failed; 0 ignored; 0 measured; 0 filtered out; finished in 2.97s

     Running tests/test_unbounded_choice.rs (/home/bailey/github/PolyXML/target/followup-mixed-index-verification/debug/deps/test_unbounded_choice-7672e62aa5ecca1a)

running 1 test
go: creating new go.mod: module testmod
go: to add module requirements and sums:
	go mod tidy
=== RUN   TestUnboundedChoiceOrder
--- PASS: TestUnboundedChoiceOrder (0.00s)
PASS
ok  	testmod	0.002s
test test_unbounded_choice_ir_and_all_targets ... ok

test result: ok. 1 passed; 0 failed; 0 ignored; 0 measured; 0 filtered out; finished in 0.14s

     Running tests/test_upa.rs (/home/bailey/github/PolyXML/target/followup-mixed-index-verification/debug/deps/test_upa-a20019d257c7eac5)

running 6 tests
test local_form_and_in_scope_qnames_distinguish_namespaces ... ok
test imported_groups_and_chameleon_wildcards_keep_source_namespaces ... ok
test model_groups_derivation_and_substitution_members_are_checked ... ok
test optional_siblings_and_choice_lookahead_violate_upa ... ok
test all_groups_and_wildcard_namespaces_are_checked ... ok
test occurrence_ranges_keep_particle_identity_and_count_boundaries ... ok

test result: ok. 6 passed; 0 failed; 0 ignored; 0 measured; 0 filtered out; finished in 0.00s

     Running tests/test_value_constraints.rs (/home/bailey/github/PolyXML/target/followup-mixed-index-verification/debug/deps/test_value_constraints-73eb81a96de588c1)

running 2 tests
test fixed_constraints_cover_input_and_output_in_value_space ... ok
test repeated_particle_cardinality_belongs_to_the_group ... ok

test result: ok. 2 passed; 0 failed; 0 ignored; 0 measured; 0 filtered out; finished in 0.00s

     Running tests/test_xsi_type.rs (/home/bailey/github/PolyXML/target/followup-mixed-index-verification/debug/deps/test_xsi_type-2c07a0776bd0ec60)

running 11 tests
test abstract_type_without_derivations_errors ... ok
test plain_type_attribute_is_not_mistaken_for_dispatch ... ok
test nil_abstract_complex_type_skips_concrete_dispatch ... ok
test abstract_type_requires_concrete_selector ... ok
test iterparse_dispatches_each_streamed_item ... ok
test from_ir_flattens_base_fields_and_registers_variants ... ok
test unknown_xsi_type_on_abstract_type_errors ... ok
test root_xsi_type_dispatch_including_empty_element ... ok
test nested_xsi_type_dispatch_and_round_trip ... ok
test variant_serialization_requires_namespaces ... ok
test xsi_type_resolves_namespace_inherited_from_parent ... ok

test result: ok. 11 passed; 0 failed; 0 ignored; 0 measured; 0 filtered out; finished in 0.00s

     Running unittests src/lib.rs (/home/bailey/github/PolyXML/target/followup-mixed-index-verification/debug/deps/polyxml-4ccc220bbd6a27a0)

running 2 tests
test tests::test_c_abi_nested_list_batch_roundtrip ... ok
test tests::test_c_abi_namespaced_roundtrip ... ok

test result: ok. 2 passed; 0 failed; 0 ignored; 0 measured; 0 filtered out; finished in 0.00s

     Running unittests src/lib.rs (/home/bailey/github/PolyXML/target/followup-mixed-index-verification/debug/deps/polyxml_cli-dabf613ae4318f1b)

running 0 tests

test result: ok. 0 passed; 0 failed; 0 ignored; 0 measured; 0 filtered out; finished in 0.00s

     Running unittests src/main.rs (/home/bailey/github/PolyXML/target/followup-mixed-index-verification/debug/deps/polyxml-cec02944de7101b9)

running 0 tests

test result: ok. 0 passed; 0 failed; 0 ignored; 0 measured; 0 filtered out; finished in 0.00s

     Running tests/test_cli.rs (/home/bailey/github/PolyXML/target/followup-mixed-index-verification/debug/deps/test_cli-714ccf0c30d96734)

running 47 tests
test fish_completion_filters_values_when_available ... ok
test manifest_generation_does_not_ignore_cli_overrides ... ok
Loading manifest: /tmp/.tmp4p2v6N/polyxml.toml
Compiling schema: /tmp/.tmp4p2v6N/model.xsd
  Namespace: urn:app
  Types: 1 total (1 structs, 0 enums, 0 unions, 0 simple restrictions)
  Root elements: 0
Emitting target [csharp] into /tmp/.tmp4p2v6N/cs
Emitting target [ts] into /tmp/.tmp4p2v6N/ts
Emitting target [go] into /tmp/.tmp4p2v6N/go
Emitting target [rust] into /tmp/.tmp4p2v6N/rs
Build finished successfully.
test test_cli_build_polyxml_manifest_with_new_features ... ok
Parsing schema: /tmp/.tmporjtsf/customer.xsd
  Namespace: urn:crm
  Types: 1 total (1 structs, 0 enums, 0 unions, 0 simple restrictions)
  Root elements: 0
Code generation complete.
test test_cli_csharp_source_gen_and_record_struct ... ok
test test_cli_cpp_modules_and_glaze ... ok
test test_cli_generate_custom_header_and_generated_tags ... ok
test test_cli_generate_help ... ok
test imported_substitution_helpers_do_not_require_spurious_module_owners ... ok
test test_cli_generate_dry_run ... ok
test jackson3_cli_and_manifest_emit_equivalent_models ... ok
test python_features_respect_manifest_false_values_and_backend ... ok
test test_cli_generate_multi_lang ... ok
test test_cli_help ... ok
Parsing schema: /tmp/.tmpSF1nxR/service.xsd
  Namespace: urn:service
  Types: 1 total (1 structs, 0 enums, 0 unions, 0 simple restrictions)
  Root elements: 0
Code generation complete.
Loading manifest: /tmp/.tmpgoU8zK/polyxml.toml
Compiling schema: /tmp/.tmpgoU8zK/schema.xsd
  Types: 1 total (1 structs, 0 enums, 0 unions, 0 simple restrictions)
  Root elements: 0
Emitting target [rust] into /tmp/.tmpgoU8zK/rs
Emitting target [go] into /tmp/.tmpgoU8zK/go
Emitting target [csharp] into /tmp/.tmpgoU8zK/cs
Build finished successfully.
Parsing schema: /tmp/.tmpSF1nxR/service.xsd
test test_cli_manifest_custom_header_workspace_and_target_override ... ok
test test_cli_generate_python_backends ... ok
  Namespace: urn:service
  Types: 1 total (1 structs, 0 enums, 0 unions, 0 simple restrictions)
  Root elements: 0
Code generation complete.
test test_cli_go_easyjson_and_sonic_backend ... ok
test retained_imported_ordered_helpers_belong_to_the_unique_namespace_module ... ok
test test_cli_generate_rust_zero_copy_and_owned ... ok
Parsing schema: /tmp/.tmpQMspKd/event.xsd
test test_cli_python_aot_generation ... ok
  Namespace: urn:events
  Types: 1 total (1 structs, 0 enums, 0 unions, 0 simple restrictions)
  Root elements: 0
Code generation complete.
test test_cli_rust_phf_feature ... ok
Parsing schema: /tmp/.tmp8R9qz1/event.xsd
  Namespace: urn:events
  Types: 1 total (1 structs, 0 enums, 0 unions, 0 simple restrictions)
  Root elements: 0
Code generation complete.
go: creating new go.mod: module crm
go: to add module requirements and sums:
	go mod tidy
test test_cli_rust_rkyv_feature ... ok
test invalid_schema_grammar_and_types_fail_before_generation ... ok
test test_cli_python_aot_rejects_dataclass_style_and_slots ... ok
test test_cli_multiple_root_element_selection ... ok
Parsing schema: /tmp/.tmpd9ldmb/item.xsd
  Namespace: urn:store
  Types: 1 total (1 structs, 0 enums, 0 unions, 0 simple restrictions)
  Root elements: 0
Code generation complete.
test test_cli_transcode_bidirectional ... ok
test completion_candidates_follow_target_validation ... ok
Parsing schema: /tmp/.tmpd9ldmb/item.xsd
  Namespace: urn:store
  Types: 1 total (1 structs, 0 enums, 0 unions, 0 simple restrictions)
  Root elements: 0
Code generation complete.
test test_cli_typescript_valibot_and_typebox_backend ... ok
test test_cli_validate_valid_and_invalid ... ok
test test_polyxml_toml_manifest_build ... ok
test test_root_selection_keeps_imported_module_types ... ok
test test_cli_root_element_selection ... ok
test bash_completion_filters_values_in_the_shell ... ok
test unified_help_shows_generation_options ... ok
test test_java_csharp_model_style_options_and_manifest ... ok
test unsupported_xsd_alternatives_fail_explicitly ... ok
test zsh_completion_filters_values_when_available ... ok
test validate_and_generate_reject_upa_violations ... ok
test unified_manifest_forms_generate_identical_output_and_validate_early ... ok
test unified_options_fail_before_schema_io_including_dry_run ... ok
test unified_supported_backends_and_styles_validate ... ok
=== RUN   TestAccountE2E
--- PASS: TestAccountE2E (0.00s)
PASS
ok  	crm	0.005s
test test_cli_go_generation ... ok
test test_cli_java_generation ... ok
E2E C++20 driver passed!
test test_cli_cpp_generation ... ok
test test_cli_shared_modules_deduplication ... ok
  Determining projects to restore...
  Restored /tmp/.tmpx2PK6F/cli_csharp_app/CrmCliApp.csproj (in 212 ms).
test test_cli_typescript_generation ... ok
  CrmCliApp -> /tmp/.tmpx2PK6F/cli_csharp_app/bin/Debug/net8.0/CrmCliApp.dll

Build succeeded.
    0 Warning(s)
    0 Error(s)

Time Elapsed 00:00:01.44
E2E C# CLI test passed successfully!
test test_cli_csharp_generation ... ok
test test_cli_rust_split_units_and_chunking ... ok

test result: ok. 47 passed; 0 failed; 0 ignored; 0 measured; 0 filtered out; finished in 9.51s

     Running unittests src/lib.rs (/home/bailey/github/PolyXML/target/followup-mixed-index-verification/debug/deps/polyxml_js-878a75d7b7901cc9)

running 0 tests

test result: ok. 0 passed; 0 failed; 0 ignored; 0 measured; 0 filtered out; finished in 0.00s

     Running unittests src/lib.rs (/home/bailey/github/PolyXML/target/followup-mixed-index-verification/debug/deps/_polyxml-a668b0910babaf29)

running 0 tests

test result: ok. 0 passed; 0 failed; 0 ignored; 0 measured; 0 filtered out; finished in 0.00s

     Running unittests src/lib.rs (/home/bailey/github/PolyXML/target/followup-mixed-index-verification/debug/deps/polyxml_wasm-d510c7f48918b595)

running 0 tests

test result: ok. 0 passed; 0 failed; 0 ignored; 0 measured; 0 filtered out; finished in 0.00s

   Doc-tests polyxml

running 0 tests

test result: ok. 0 passed; 0 failed; 0 ignored; 0 measured; 0 filtered out; finished in 0.00s

   Doc-tests polyxml_cli

running 0 tests

test result: ok. 0 passed; 0 failed; 0 ignored; 0 measured; 0 filtered out; finished in 0.00s

   Doc-tests polyxml_wasm

running 0 tests

test result: ok. 0 passed; 0 failed; 0 ignored; 0 measured; 0 filtered out; finished in 0.00s

[0;34m==> [4/6] Compiling Python PyO3 extension (maturin develop)...[0m
🍹 Building a mixed python/rust project
🐍 Found CPython 3.14 at /home/bailey/github/polyxml-mixed-index/.venv/bin/python
🔗 Found pyo3 bindings with abi3-py3.12 support
📡 Using build options features from pyproject.toml
Using Python 3.14.4 environment at: /home/bailey/github/polyxml-mixed-index/.venv
Checked 6 packages in 30ms
   Compiling serde_core v1.0.229
   Compiling serde v1.0.229
   Compiling pyo3-ffi v0.29.2
   Compiling syn v2.0.119
   Compiling fastrand v2.5.0
   Compiling phf_generator v0.14.0
   Compiling pyo3-macros-backend v0.29.2
   Compiling minijinja v2.24.0
   Compiling serde_json v1.0.151
   Compiling pyo3 v0.29.2
   Compiling pyo3-macros v0.29.2
   Compiling phf_codegen v0.14.0
   Compiling quick-xml v0.42.0
   Compiling polyxml v0.34.6 (/home/bailey/github/polyxml-mixed-index/crates/polyxml-core)
   Compiling polyxml-python v0.34.6 (/home/bailey/github/polyxml-mixed-index/crates/polyxml-python)
    Finished `dev` profile [unoptimized + debuginfo] target(s) in 21.59s
📦 Built wheel for abi3 Python ≥ 3.12 to /tmp/.tmpTYptf9/polyxml-0.34.6-cp312-abi3-linux_x86_64.whl
✏️ Setting installed package as editable
🛠 Installed polyxml-0.34.6
[0;34m==> [5/6] Running Python Ruff checks...[0m
All checks passed!
10 files already formatted
[0;34m==> [6/6] Running Python tests with 100% statement & branch coverage...[0m
[32m.[0m[32m.[0m[32m.[0m[32m.[0m[32m.[0m[32m.[0m[32m.[0m[32m.[0m[32m.[0m[32m.[0m[32m.[0m[32m.[0m[32m.[0m[32m.[0m[32m.[0m[32m.[0m[32m.[0m[32m.[0m[32m.[0m[32m.[0m[32m.[0m[32m.[0m[32m.[0m[32m.[0m[32m.[0m[32m.[0m[32m.[0m[32m.[0m[32m.[0m[32m.[0m[32m.[0m[32m.[0m[32m.[0m[32m.[0m[32m.[0m[32m.[0m[32m.[0m[32m.[0m[32m.[0m[32m.[0m[32m.[0m[32m.[0m[32m.[0m[32m.[0m[32m.[0m[32m.[0m[32m.[0m[32m.[0m[32m.[0m[32m.[0m[32m.[0m[32m.[0m[32m.[0m[32m.[0m[32m.[0m[32m.[0m[32m.[0m[32m.[0m[32m.[0m[32m.[0m[32m.[0m[32m.[0m[32m.[0m[32m.[0m[32m.[0m[32m.[0m[32m.[0m[32m.[0m[32m.[0m[32m.[0m[32m.[0m[32m.[0m[32m [ 64%]
[0m[32m.[0m[32m.[0m[32m.[0m[32m.[0m[32m.[0m[32m.[0m[32m.[0m[32m.[0m[32m.[0m[32m.[0m[32m.[0m[32m.[0m[32m.[0m[32m.[0m[32m.[0m[32m.[0m[32m.[0m[32m.[0m[32m.[0m[32m.[0m[32m.[0m[32m.[0m[32m.[0m[32m.[0m[32m.[0m[32m.[0m[32m.[0m[32m.[0m[32m.[0m[32m.[0m[32m.[0m[32m.[0m[32m.[0m[32m.[0m[32m.[0m[32m.[0m[32m.[0m[32m.[0m[32m.[0m[32m.[0m[32m                                 [100%][0m
================================ tests coverage ================================
_______________ coverage: platform linux, python 3.14.4-final-0 ________________

Name    Stmts   Miss Branch BrPart  Cover   Missing
---------------------------------------------------
TOTAL     181      0     58      0   100%

3 files skipped due to complete coverage.
[32mRequired test coverage of 100% reached. Total coverage: 100.00%
[0m[32m[32m[1m112 passed[0m[32m in 0.60s[0m[0m
[0;32m✨ All PolyXML dual-language quality gates passed![0m
