memcap: <=5548 MiB (40% of 13870 MiB available) [systemd MemoryMax, swap off]
    Updating crates.io index
     Locking 35 packages to highest compatible versions
 Downloading crates ...
  Downloaded phf v0.14.0

=== cold ===
memcap: <=5552 MiB (40% of 13882 MiB available) [systemd MemoryMax, swap off]
   Compiling proc-macro2 v1.0.107
   Compiling unicode-ident v1.0.26
   Compiling quote v1.0.47
   Compiling syn v3.0.6
   Compiling serde_core v1.0.229
   Compiling memchr v2.8.3
   Compiling lexical-util v1.0.7
   Compiling siphasher v1.0.4
   Compiling serde v1.0.229
   Compiling phf_shared v0.14.0
   Compiling serde_derive v1.0.229
   Compiling zmij v1.0.23
   Compiling lexical-write-integer v1.0.6
   Compiling lexical-parse-integer v1.0.6
   Compiling aho-corasick v1.1.5
   Compiling fastrand v2.5.0
   Compiling serde_json v1.0.151
   Compiling regex-syntax v0.8.11
   Compiling thiserror v2.0.21
   Compiling regex-automata v0.4.18
   Compiling phf_generator v0.14.0
   Compiling lexical-parse-float v1.0.6
   Compiling lexical-write-float v1.0.6
   Compiling thiserror-impl v2.0.21
   Compiling itoa v1.0.18
   Compiling memo-map v0.3.4
   Compiling minijinja v2.24.0
   Compiling lexical-core v1.0.6
   Compiling phf_codegen v0.14.0
   Compiling regex v1.13.1
   Compiling quick-xml v0.42.0
   Compiling smallvec v1.16.2
   Compiling heck v0.5.0
   Compiling polyxml v0.34.0 (/home/bailey/github/PolyXML/crates/polyxml-core)
   Compiling phf v0.14.0
   Compiling dispatch-consumer v0.0.0 (/home/bailey/github/PolyXML/benchmarks/rust-phf-compile/target/16/phf)
    Finished `release` profile [optimized] target(s) in 1m 04s
	Command being timed: "cargo build --release --offline --locked --manifest-path /home/bailey/github/PolyXML/benchmarks/rust-phf-compile/target/16/phf/Cargo.toml"
	User time (seconds): 61.84
	System time (seconds): 2.60
	Percent of CPU this job got: 99%
	Elapsed (wall clock) time (h:mm:ss or m:ss): 1:04.77
	Average shared text size (kbytes): 0
	Average unshared data size (kbytes): 0
	Average stack size (kbytes): 0
	Average total size (kbytes): 0
	Maximum resident set size (kbytes): 523148
	Average resident set size (kbytes): 0
	Major (requiring I/O) page faults: 10
	Minor (reclaiming a frame) page faults: 1408963
	Voluntary context switches: 6781
	Involuntary context switches: 470
	Swaps: 0
	File system inputs: 0
	File system outputs: 0
	Socket messages sent: 0
	Socket messages received: 0
	Signals delivered: 0
	Page size (bytes): 4096
	Exit status: 0

=== rebuild-1 ===
memcap: <=5556 MiB (40% of 13890 MiB available) [systemd MemoryMax, swap off]
   Compiling dispatch-consumer v0.0.0 (/home/bailey/github/PolyXML/benchmarks/rust-phf-compile/target/16/phf)
    Finished `release` profile [optimized] target(s) in 0.71s
	Command being timed: "cargo build --release --offline --locked --manifest-path /home/bailey/github/PolyXML/benchmarks/rust-phf-compile/target/16/phf/Cargo.toml"
	User time (seconds): 0.68
	System time (seconds): 0.05
	Percent of CPU this job got: 101%
	Elapsed (wall clock) time (h:mm:ss or m:ss): 0:00.72
	Average shared text size (kbytes): 0
	Average unshared data size (kbytes): 0
	Average stack size (kbytes): 0
	Average total size (kbytes): 0
	Maximum resident set size (kbytes): 190428
	Average resident set size (kbytes): 0
	Major (requiring I/O) page faults: 1
	Minor (reclaiming a frame) page faults: 36627
	Voluntary context switches: 572
	Involuntary context switches: 10
	Swaps: 0
	File system inputs: 0
	File system outputs: 0
	Socket messages sent: 0
	Socket messages received: 0
	Signals delivered: 0
	Page size (bytes): 4096
	Exit status: 0
memcap: <=5553 MiB (40% of 13882 MiB available) [systemd MemoryMax, swap off]
